******************************************************************************
                  TI ARM Linker PC v20.2.5                     
******************************************************************************
>> Linked Fri Oct  6 00:29:15 2023

OUTPUT FILE NAME:   <Radiance.out>
ENTRY POINT SYMBOL: "_c_int00_noargs"  address: 000008e1


MEMORY CONFIGURATION

         name            origin    length      used     unused   attr    fill
----------------------  --------  ---------  --------  --------  ----  --------
  MAIN                  00000000   00040000  000009b4  0003f64c  R  X
  INFO                  00200000   00004000  00000000  00004000  R  X
  SRAM_CODE             01000000   00010000  0000020b  0000fdf5  RW X
  SRAM_DATA             20000000   00010000  0000020b  0000fdf5  RW  


SEGMENT ALLOCATION MAP

run origin  load origin   length   init length attrs members
----------  ----------- ---------- ----------- ----- -------
00000000    00000000    000009b8   000009b8    r-x
  00000000    00000000    000000e4   000000e4    r-- .intvecs
  000000e4    000000e4    000008a0   000008a0    r-x .text
  00000988    00000988    00000030   00000030    r-- .cinit
20000000    20000000    0000000d   00000000    rw-
  20000000    20000000    00000006   00000000    rw- .bss
  20000008    20000008    00000005   00000000    rw- .data
2000fe00    2000fe00    00000200   00000000    rw-
  2000fe00    2000fe00    00000200   00000000    rw- .stack


SECTION ALLOCATION MAP

 output                                  attributes/
section   page    origin      length       input sections
--------  ----  ----------  ----------   ----------------
.intvecs   0    00000000    000000e4     
                  00000000    000000e4     startup_msp432p401r_ccs.obj (.intvecs:retain)

.text      0    000000e4    000008a0     
                  000000e4    00000334     system_msp432p401r.obj (.text)
                  00000418    00000124     Clock.obj (.text)
                  0000053c    000000f4     UART0.obj (.text)
                  00000630    000000d0     main.obj (.text)
                  00000700    0000009c     rtsv7M4_T_le_v4SPD16_eabi.lib : memcpy_t2.asm.obj (.text)
                  0000079c    00000068                                   : copy_decompress_lzss.c.obj (.text:decompress:lzss:__TI_decompress_lzss)
                  00000804    0000005c     TimerA0.obj (.text)
                  00000860    00000044     rtsv7M4_T_le_v4SPD16_eabi.lib : autoinit.c.obj (.text:__TI_auto_init_nobinit_nopinit:__TI_auto_init_nobinit_nopinit)
                  000008a4    0000003c     Motor.obj (.text)
                  000008e0    00000034     rtsv7M4_T_le_v4SPD16_eabi.lib : boot_cortex_m.c.obj (.text:_c_int00_noargs:_c_int00_noargs)
                  00000914    0000001e                                   : strcat.c.obj (.text:strcat)
                  00000932    0000001c                                   : copy_zero_init.c.obj (.text:decompress:ZI:__TI_zero_init_nomemset:__TI_zero_init_nomemset)
                  0000094e    00000012     CortexM.obj (.text)
                  00000960    0000000e     rtsv7M4_T_le_v4SPD16_eabi.lib : copy_decompress_none.c.obj (.text:decompress:none:__TI_decompress_none)
                  0000096e    0000000e     startup_msp432p401r_ccs.obj (.text)
                  0000097c    00000004     rtsv7M4_T_le_v4SPD16_eabi.lib : pre_init.c.obj (.text:_system_pre_init)
                  00000980    00000004                                   : exit.c.obj (.text:abort:abort)

.cinit     0    00000988    00000030     
                  00000988    0000000c     (__TI_handler_table)
                  00000994    00000009     (.cinit..data.load) [load image, compression = lzss]
                  0000099d    00000003     --HOLE-- [fill = 0]
                  000009a0    00000008     (.cinit..bss.load) [load image, compression = zero_init]
                  000009a8    00000010     (__TI_cinit_table)

.init_array 
*          0    00000000    00000000     UNINITIALIZED

.binit     0    00000000    00000000     

.bss       0    20000000    00000006     UNINITIALIZED
                  20000000    00000004     (.common:st)
                  20000004    00000001     (.common:command)
                  20000005    00000001     (.common:rec)

.data      0    20000008    00000005     UNINITIALIZED
                  20000008    00000004     system_msp432p401r.obj (.data)
                  2000000c    00000001     UART0.obj (.data)

.stack     0    2000fe00    00000200     UNINITIALIZED
                  2000fe00    00000004     rtsv7M4_T_le_v4SPD16_eabi.lib : boot_cortex_m.c.obj (.stack)
                  2000fe04    000001fc     --HOLE--

__llvm_prf_cnts 
*          0    20000000    00000000     UNINITIALIZED

MODULE SUMMARY

       Module                        code   ro data   rw data
       ------                        ----   -------   -------
    .\
       system_msp432p401r.obj        820    0         8      
       Clock.obj                     292    0         0      
       UART0.obj                     244    0         12     
       startup_msp432p401r_ccs.obj   14     228       0      
       main.obj                      208    0         2      
       TimerA0.obj                   92     0         0      
       Motor.obj                     60     0         0      
       CortexM.obj                   18     0         0      
    +--+-----------------------------+------+---------+---------+
       Total:                        1748   228       22     
                                                             
    C:\ti\ccs1120\ccs\tools\compiler\ti-cgt-arm_20.2.5.LTS\lib\rtsv7M4_T_le_v4SPD16_eabi.lib
       memcpy_t2.asm.obj             156    0         0      
       copy_decompress_lzss.c.obj    104    0         0      
       autoinit.c.obj                68     0         0      
       boot_cortex_m.c.obj           52     0         0      
       strcat.c.obj                  30     0         0      
       copy_zero_init.c.obj          28     0         0      
       copy_decompress_none.c.obj    14     0         0      
       exit.c.obj                    4      0         0      
       pre_init.c.obj                4      0         0      
    +--+-----------------------------+------+---------+---------+
       Total:                        460    0         0      
                                                             
       Stack:                        0      0         1024   
       Linker Generated:             0      45        0      
    +--+-----------------------------+------+---------+---------+
       Grand Total:                  2208   273       1046   


LINKER GENERATED COPY TABLES

__TI_cinit_table @ 000009a8 records: 2, size/record: 8, table size: 16
	.data: load addr=00000994, load size=00000009 bytes, run addr=20000008, run size=00000005 bytes, compression=lzss
	.bss: load addr=000009a0, load size=00000008 bytes, run addr=20000000, run size=00000006 bytes, compression=zero_init


LINKER GENERATED HANDLER TABLE

__TI_handler_table @ 00000988 records: 3, size/record: 4, table size: 12
	index: 0, handler: __TI_decompress_lzss
	index: 1, handler: __TI_decompress_none
	index: 2, handler: __TI_zero_init


GLOBAL SYMBOLS: SORTED ALPHABETICALLY BY Name 

address   name                          
-------   ----                          
0000097b  ADC14_IRQHandler              
0000097b  AES256_IRQHandler             
0000097b  BusFault_Handler              
00000981  C$$EXIT                       
0000097b  COMP_E0_IRQHandler            
0000097b  COMP_E1_IRQHandler            
0000097b  CS_IRQHandler                 
0000097b  DMA_ERR_IRQHandler            
0000097b  DMA_INT0_IRQHandler           
0000097b  DMA_INT1_IRQHandler           
0000097b  DMA_INT2_IRQHandler           
0000097b  DMA_INT3_IRQHandler           
0000097b  DebugMon_Handler              
0000097b  Default_Handler               
0000094f  DisableInterrupts             
0000097b  EUSCIA0_IRQHandler            
0000097b  EUSCIA1_IRQHandler            
0000097b  EUSCIA2_IRQHandler            
0000097b  EUSCIA3_IRQHandler            
0000097b  EUSCIB0_IRQHandler            
0000097b  EUSCIB1_IRQHandler            
0000097b  EUSCIB2_IRQHandler            
0000097b  EUSCIB3_IRQHandler            
00000955  EnableInterrupts              
0000097b  FLCTL_IRQHandler              
0000097b  FPU_IRQHandler                
0000097b  HardFault_Handler             
00000419  InitializeClockSystem         
000008a5  InitializeMotorPortPins       
00000805  InitializeTimerA0             
0000053d  InitializeUART0               
0000097b  MemManage_Handler             
0000097b  NMI_Handler                   
0000097b  PCM_IRQHandler                
0000097b  PORT1_IRQHandler              
0000097b  PORT2_IRQHandler              
0000097b  PORT3_IRQHandler              
0000097b  PORT4_IRQHandler              
0000097b  PORT5_IRQHandler              
0000097b  PORT6_IRQHandler              
0000097b  PSS_IRQHandler                
0000097b  PendSV_Handler                
0000097b  RTC_C_IRQHandler              
000005b3  ReceiveChar                   
000005c9  ReceiveString                 
0000096f  Reset_Handler                 
0000097b  SVC_Handler                   
0000057b  SendChar                      
00000597  SendString                    
0000097b  SysTick_Handler               
20000008  SystemCoreClock               
000000e5  SystemCoreClockUpdate         
0000035d  SystemInit                    
0000097b  T32_INT1_IRQHandler           
0000097b  T32_INT2_IRQHandler           
0000097b  T32_INTC_IRQHandler           
00000833  TA0_0_IRQHandler              
00000833  TA0_0_IRQHandler              
0000097b  TA0_N_IRQHandler              
0000097b  TA1_0_IRQHandler              
0000097b  TA1_N_IRQHandler              
0000097b  TA2_0_IRQHandler              
0000097b  TA2_N_IRQHandler              
0000097b  TA3_0_IRQHandler              
0000097b  TA3_N_IRQHandler              
0000097b  UsageFault_Handler            
4000480c  WDTCTL_SYM                    
0000097b  WDT_A_IRQHandler              
0000095b  WaitForInterrupt              
20010000  __STACK_END                   
00000200  __STACK_SIZE                  
000009a8  __TI_CINIT_Base               
000009b8  __TI_CINIT_Limit              
00000988  __TI_Handler_Table_Base       
00000994  __TI_Handler_Table_Limit      
00000861  __TI_auto_init_nobinit_nopinit
0000079d  __TI_decompress_lzss          
00000961  __TI_decompress_none          
ffffffff  __TI_pprof_out_hndl           
ffffffff  __TI_prof_data_size           
ffffffff  __TI_prof_data_start          
00000000  __TI_static_base__            
00000933  __TI_zero_init_nomemset       
00000701  __aeabi_memcpy                
00000701  __aeabi_memcpy4               
00000701  __aeabi_memcpy8               
ffffffff  __binit__                     
ffffffff  __c_args__                    
UNDEFED   __mpu_init                    
2000fe00  __stack                       
20000000  __start___llvm_prf_cnts       
20000000  __stop___llvm_prf_cnts        
000008e1  _c_int00_noargs               
UNDEFED   _system_post_cinit            
0000097d  _system_pre_init              
00000981  abort                         
ffffffff  binit                         
20000004  command                       
2000000c  i                             
00000000  interruptVectors              
00000631  main                          
00000701  memcpy                        
20000005  rec                           
20000000  st                            
00000915  strcat                        


GLOBAL SYMBOLS: SORTED BY Symbol Address 

address   name                          
-------   ----                          
00000000  __TI_static_base__            
00000000  interruptVectors              
000000e5  SystemCoreClockUpdate         
00000200  __STACK_SIZE                  
0000035d  SystemInit                    
00000419  InitializeClockSystem         
0000053d  InitializeUART0               
0000057b  SendChar                      
00000597  SendString                    
000005b3  ReceiveChar                   
000005c9  ReceiveString                 
00000631  main                          
00000701  __aeabi_memcpy                
00000701  __aeabi_memcpy4               
00000701  __aeabi_memcpy8               
00000701  memcpy                        
0000079d  __TI_decompress_lzss          
00000805  InitializeTimerA0             
00000833  TA0_0_IRQHandler              
00000833  TA0_0_IRQHandler              
00000861  __TI_auto_init_nobinit_nopinit
000008a5  InitializeMotorPortPins       
000008e1  _c_int00_noargs               
00000915  strcat                        
00000933  __TI_zero_init_nomemset       
0000094f  DisableInterrupts             
00000955  EnableInterrupts              
0000095b  WaitForInterrupt              
00000961  __TI_decompress_none          
0000096f  Reset_Handler                 
0000097b  ADC14_IRQHandler              
0000097b  AES256_IRQHandler             
0000097b  BusFault_Handler              
0000097b  COMP_E0_IRQHandler            
0000097b  COMP_E1_IRQHandler            
0000097b  CS_IRQHandler                 
0000097b  DMA_ERR_IRQHandler            
0000097b  DMA_INT0_IRQHandler           
0000097b  DMA_INT1_IRQHandler           
0000097b  DMA_INT2_IRQHandler           
0000097b  DMA_INT3_IRQHandler           
0000097b  DebugMon_Handler              
0000097b  Default_Handler               
0000097b  EUSCIA0_IRQHandler            
0000097b  EUSCIA1_IRQHandler            
0000097b  EUSCIA2_IRQHandler            
0000097b  EUSCIA3_IRQHandler            
0000097b  EUSCIB0_IRQHandler            
0000097b  EUSCIB1_IRQHandler            
0000097b  EUSCIB2_IRQHandler            
0000097b  EUSCIB3_IRQHandler            
0000097b  FLCTL_IRQHandler              
0000097b  FPU_IRQHandler                
0000097b  HardFault_Handler             
0000097b  MemManage_Handler             
0000097b  NMI_Handler                   
0000097b  PCM_IRQHandler                
0000097b  PORT1_IRQHandler              
0000097b  PORT2_IRQHandler              
0000097b  PORT3_IRQHandler              
0000097b  PORT4_IRQHandler              
0000097b  PORT5_IRQHandler              
0000097b  PORT6_IRQHandler              
0000097b  PSS_IRQHandler                
0000097b  PendSV_Handler                
0000097b  RTC_C_IRQHandler              
0000097b  SVC_Handler                   
0000097b  SysTick_Handler               
0000097b  T32_INT1_IRQHandler           
0000097b  T32_INT2_IRQHandler           
0000097b  T32_INTC_IRQHandler           
0000097b  TA0_N_IRQHandler              
0000097b  TA1_0_IRQHandler              
0000097b  TA1_N_IRQHandler              
0000097b  TA2_0_IRQHandler              
0000097b  TA2_N_IRQHandler              
0000097b  TA3_0_IRQHandler              
0000097b  TA3_N_IRQHandler              
0000097b  UsageFault_Handler            
0000097b  WDT_A_IRQHandler              
0000097d  _system_pre_init              
00000981  C$$EXIT                       
00000981  abort                         
00000988  __TI_Handler_Table_Base       
00000994  __TI_Handler_Table_Limit      
000009a8  __TI_CINIT_Base               
000009b8  __TI_CINIT_Limit              
20000000  __start___llvm_prf_cnts       
20000000  __stop___llvm_prf_cnts        
20000000  st                            
20000004  command                       
20000005  rec                           
20000008  SystemCoreClock               
2000000c  i                             
2000fe00  __stack                       
20010000  __STACK_END                   
4000480c  WDTCTL_SYM                    
ffffffff  __TI_pprof_out_hndl           
ffffffff  __TI_prof_data_size           
ffffffff  __TI_prof_data_start          
ffffffff  __binit__                     
ffffffff  __c_args__                    
ffffffff  binit                         
UNDEFED   __mpu_init                    
UNDEFED   _system_post_cinit            

[105 symbols]
